
> backend@1.0.0 test
> jest

FAIL src/__tests__/categories.test.ts
  ● Test suite failed to run

    [96msrc/__tests__/categories.test.ts[0m:[93m5[0m:[93m30[0m - [91merror[0m[90m TS2307: [0mCannot find module '../modules/content/categories.controller' or its corresponding type declarations.

    [7m5[0m import categoriesRouter from '../modules/content/categories.controller';
    [7m [0m [91m                             ~~~~~~~~~~~~~~~~~~~~~~~~~~~~~~~~~~~~~~~~~~[0m

FAIL src/__tests__/tags.test.ts
  ● Test suite failed to run

    [96msrc/__tests__/tags.test.ts[0m:[93m5[0m:[93m24[0m - [91merror[0m[90m TS2307: [0mCannot find module '../modules/content/tags.controller' or its corresponding type declarations.

    [7m5[0m import tagsRouter from '../modules/content/tags.controller';
    [7m [0m [91m                       ~~~~~~~~~~~~~~~~~~~~~~~~~~~~~~~~~~~~[0m

FAIL src/__tests__/article-filtering.test.ts (67.809 s)
  ● Console

    console.log
      ◇ injected env (3) from .env // tip: ⌘ override existing { override: true }

      at _log (node_modules/dotenv/lib/main.js:131:11)

    console.log
      prisma:error 
      Invalid `prisma.articleTag.deleteMany()` invocation in
      /mnt/e/workspace/hujianbest.github.io/backend/src/__tests__/setup.ts:16:27
      
        13 // Cleanup database before each test
        14 beforeEach(async () => {
        15   // Clean up test data in reverse order of dependencies
      → 16   await prisma.articleTag.deleteMany(
      Can't reach database server at `localhost:5432`
      
      Please make sure your database server is running at `localhost:5432`.

      at Object.mc (node_modules/@prisma/client/runtime/library.js:21:432)

    console.log
      prisma:error 
      Invalid `prisma.articleTag.deleteMany()` invocation in
      /mnt/e/workspace/hujianbest.github.io/backend/src/__tests__/setup.ts:16:27
      
        13 // Cleanup database before each test
        14 beforeEach(async () => {
        15   // Clean up test data in reverse order of dependencies
      → 16   await prisma.articleTag.deleteMany(
      Can't reach database server at `localhost:5432`
      
      Please make sure your database server is running at `localhost:5432`.

      at Object.mc (node_modules/@prisma/client/runtime/library.js:21:432)

    console.log
      prisma:error 
      Invalid `prisma.articleTag.deleteMany()` invocation in
      /mnt/e/workspace/hujianbest.github.io/backend/src/__tests__/setup.ts:16:27
      
        13 // Cleanup database before each test
        14 beforeEach(async () => {
        15   // Clean up test data in reverse order of dependencies
      → 16   await prisma.articleTag.deleteMany(
      Can't reach database server at `localhost:5432`
      
      Please make sure your database server is running at `localhost:5432`.

      at Object.mc (node_modules/@prisma/client/runtime/library.js:21:432)

    console.log
      prisma:error 
      Invalid `prisma.articleTag.deleteMany()` invocation in
      /mnt/e/workspace/hujianbest.github.io/backend/src/__tests__/setup.ts:16:27
      
        13 // Cleanup database before each test
        14 beforeEach(async () => {
        15   // Clean up test data in reverse order of dependencies
      → 16   await prisma.articleTag.deleteMany(
      Can't reach database server at `localhost:5432`
      
      Please make sure your database server is running at `localhost:5432`.

      at Object.mc (node_modules/@prisma/client/runtime/library.js:21:432)

    console.log
      prisma:error 
      Invalid `prisma.articleTag.deleteMany()` invocation in
      /mnt/e/workspace/hujianbest.github.io/backend/src/__tests__/setup.ts:16:27
      
        13 // Cleanup database before each test
        14 beforeEach(async () => {
        15   // Clean up test data in reverse order of dependencies
      → 16   await prisma.articleTag.deleteMany(
      Can't reach database server at `localhost:5432`
      
      Please make sure your database server is running at `localhost:5432`.

      at Object.mc (node_modules/@prisma/client/runtime/library.js:21:432)

    console.log
      prisma:error 
      Invalid `prisma.articleTag.deleteMany()` invocation in
      /mnt/e/workspace/hujianbest.github.io/backend/src/__tests__/setup.ts:16:27
      
        13 // Cleanup database before each test
        14 beforeEach(async () => {
        15   // Clean up test data in reverse order of dependencies
      → 16   await prisma.articleTag.deleteMany(
      Can't reach database server at `localhost:5432`
      
      Please make sure your database server is running at `localhost:5432`.

      at Object.mc (node_modules/@prisma/client/runtime/library.js:21:432)

    console.log
      prisma:error 
      Invalid `prisma.articleTag.deleteMany()` invocation in
      /mnt/e/workspace/hujianbest.github.io/backend/src/__tests__/setup.ts:16:27
      
        13 // Cleanup database before each test
        14 beforeEach(async () => {
        15   // Clean up test data in reverse order of dependencies
      → 16   await prisma.articleTag.deleteMany(
      Can't reach database server at `localhost:5432`
      
      Please make sure your database server is running at `localhost:5432`.

      at Object.mc (node_modules/@prisma/client/runtime/library.js:21:432)

    console.log
      prisma:error 
      Invalid `prisma.articleTag.deleteMany()` invocation in
      /mnt/e/workspace/hujianbest.github.io/backend/src/__tests__/setup.ts:16:27
      
        13 // Cleanup database before each test
        14 beforeEach(async () => {
        15   // Clean up test data in reverse order of dependencies
      → 16   await prisma.articleTag.deleteMany(
      Can't reach database server at `localhost:5432`
      
      Please make sure your database server is running at `localhost:5432`.

      at Object.mc (node_modules/@prisma/client/runtime/library.js:21:432)

    console.log
      prisma:error 
      Invalid `prisma.articleTag.deleteMany()` invocation in
      /mnt/e/workspace/hujianbest.github.io/backend/src/__tests__/setup.ts:16:27
      
        13 // Cleanup database before each test
        14 beforeEach(async () => {
        15   // Clean up test data in reverse order of dependencies
      → 16   await prisma.articleTag.deleteMany(
      Can't reach database server at `localhost:5432`
      
      Please make sure your database server is running at `localhost:5432`.

      at Object.mc (node_modules/@prisma/client/runtime/library.js:21:432)

    console.log
      prisma:error 
      Invalid `prisma.articleTag.deleteMany()` invocation in
      /mnt/e/workspace/hujianbest.github.io/backend/src/__tests__/setup.ts:16:27
      
        13 // Cleanup database before each test
        14 beforeEach(async () => {
        15   // Clean up test data in reverse order of dependencies
      → 16   await prisma.articleTag.deleteMany(
      Can't reach database server at `localhost:5432`
      
      Please make sure your database server is running at `localhost:5432`.

      at Object.mc (node_modules/@prisma/client/runtime/library.js:21:432)

    console.log
      prisma:error 
      Invalid `prisma.articleTag.deleteMany()` invocation in
      /mnt/e/workspace/hujianbest.github.io/backend/src/__tests__/setup.ts:16:27
      
        13 // Cleanup database before each test
        14 beforeEach(async () => {
        15   // Clean up test data in reverse order of dependencies
      → 16   await prisma.articleTag.deleteMany(
      Can't reach database server at `localhost:5432`
      
      Please make sure your database server is running at `localhost:5432`.

      at Object.mc (node_modules/@prisma/client/runtime/library.js:21:432)

    console.log
      prisma:error 
      Invalid `prisma.articleTag.deleteMany()` invocation in
      /mnt/e/workspace/hujianbest.github.io/backend/src/__tests__/setup.ts:16:27
      
        13 // Cleanup database before each test
        14 beforeEach(async () => {
        15   // Clean up test data in reverse order of dependencies
      → 16   await prisma.articleTag.deleteMany(
      Can't reach database server at `localhost:5432`
      
      Please make sure your database server is running at `localhost:5432`.

      at Object.mc (node_modules/@prisma/client/runtime/library.js:21:432)

    console.log
      prisma:error 
      Invalid `prisma.articleTag.deleteMany()` invocation in
      /mnt/e/workspace/hujianbest.github.io/backend/src/__tests__/setup.ts:16:27
      
        13 // Cleanup database before each test
        14 beforeEach(async () => {
        15   // Clean up test data in reverse order of dependencies
      → 16   await prisma.articleTag.deleteMany(
      Can't reach database server at `localhost:5432`
      
      Please make sure your database server is running at `localhost:5432`.

      at Object.mc (node_modules/@prisma/client/runtime/library.js:21:432)

  ● Article Filtering › GET /api/v1/articles?tag=<name> › should return only articles with the specified tag

    thrown: "Exceeded timeout of 5000 ms for a hook.
    Add a timeout value to this test to increase the timeout, if this is a long-running test. See https://jestjs.io/docs/api#testname-fn-timeout."

      12 |
      13 | // Cleanup database before each test
    > 14 | beforeEach(async () => {
         | ^
      15 |   // Clean up test data in reverse order of dependencies
      16 |   await prisma.articleTag.deleteMany({});
      17 |   await prisma.article.deleteMany({});

      at Object.<anonymous> (src/__tests__/setup.ts:14:1)

  ● Article Filtering › GET /api/v1/articles?tag=<name> › should be case-insensitive for tag name

    PrismaClientInitializationError: 
    Invalid `prisma.articleTag.deleteMany()` invocation in
    /mnt/e/workspace/hujianbest.github.io/backend/src/__tests__/setup.ts:16:27

      13 // Cleanup database before each test
      14 beforeEach(async () => {
      15   // Clean up test data in reverse order of dependencies
    → 16   await prisma.articleTag.deleteMany(
    Can't reach database server at `localhost:5432`

    Please make sure your database server is running at `localhost:5432`.

      14 | beforeEach(async () => {
      15 |   // Clean up test data in reverse order of dependencies
    > 16 |   await prisma.articleTag.deleteMany({});
         |   ^
      17 |   await prisma.article.deleteMany({});
      18 |   await prisma.tag.deleteMany({});
      19 |   await prisma.category.deleteMany({});

      at $n.handleRequestError (node_modules/@prisma/client/runtime/library.js:121:7615)
      at $n.handleAndLogRequestError (node_modules/@prisma/client/runtime/library.js:121:6623)
      at $n.request (node_modules/@prisma/client/runtime/library.js:121:6307)
      at l (node_modules/@prisma/client/runtime/library.js:130:9633)
      at Object.<anonymous> (src/__tests__/setup.ts:16:3)

  ● Article Filtering › GET /api/v1/articles?tag=<name> › should return empty array for non-existent tag

    thrown: "Exceeded timeout of 5000 ms for a hook.
    Add a timeout value to this test to increase the timeout, if this is a long-running test. See https://jestjs.io/docs/api#testname-fn-timeout."

      12 |
      13 | // Cleanup database before each test
    > 14 | beforeEach(async () => {
         | ^
      15 |   // Clean up test data in reverse order of dependencies
      16 |   await prisma.articleTag.deleteMany({});
      17 |   await prisma.article.deleteMany({});

      at Object.<anonymous> (src/__tests__/setup.ts:14:1)

  ● Article Filtering › GET /api/v1/articles?tag=<name> › should support combining tag filter with status filter

    PrismaClientInitializationError: 
    Invalid `prisma.articleTag.deleteMany()` invocation in
    /mnt/e/workspace/hujianbest.github.io/backend/src/__tests__/setup.ts:16:27

      13 // Cleanup database before each test
      14 beforeEach(async () => {
      15   // Clean up test data in reverse order of dependencies
    → 16   await prisma.articleTag.deleteMany(
    Can't reach database server at `localhost:5432`

    Please make sure your database server is running at `localhost:5432`.

      14 | beforeEach(async () => {
      15 |   // Clean up test data in reverse order of dependencies
    > 16 |   await prisma.articleTag.deleteMany({});
         |   ^
      17 |   await prisma.article.deleteMany({});
      18 |   await prisma.tag.deleteMany({});
      19 |   await prisma.category.deleteMany({});

      at $n.handleRequestError (node_modules/@prisma/client/runtime/library.js:121:7615)
      at $n.handleAndLogRequestError (node_modules/@prisma/client/runtime/library.js:121:6623)
      at $n.request (node_modules/@prisma/client/runtime/library.js:121:6307)
      at l (node_modules/@prisma/client/runtime/library.js:130:9633)
      at Object.<anonymous> (src/__tests__/setup.ts:16:3)

  ● Article Filtering › GET /api/v1/articles?category=<id> › should return only articles in the specified category

    thrown: "Exceeded timeout of 5000 ms for a hook.
    Add a timeout value to this test to increase the timeout, if this is a long-running test. See https://jestjs.io/docs/api#testname-fn-timeout."

      12 |
      13 | // Cleanup database before each test
    > 14 | beforeEach(async () => {
         | ^
      15 |   // Clean up test data in reverse order of dependencies
      16 |   await prisma.articleTag.deleteMany({});
      17 |   await prisma.article.deleteMany({});

      at Object.<anonymous> (src/__tests__/setup.ts:14:1)

  ● Article Filtering › GET /api/v1/articles?category=<id> › should return 400 for invalid category ID

    PrismaClientInitializationError: 
    Invalid `prisma.articleTag.deleteMany()` invocation in
    /mnt/e/workspace/hujianbest.github.io/backend/src/__tests__/setup.ts:16:27

      13 // Cleanup database before each test
      14 beforeEach(async () => {
      15   // Clean up test data in reverse order of dependencies
    → 16   await prisma.articleTag.deleteMany(
    Can't reach database server at `localhost:5432`

    Please make sure your database server is running at `localhost:5432`.

      14 | beforeEach(async () => {
      15 |   // Clean up test data in reverse order of dependencies
    > 16 |   await prisma.articleTag.deleteMany({});
         |   ^
      17 |   await prisma.article.deleteMany({});
      18 |   await prisma.tag.deleteMany({});
      19 |   await prisma.category.deleteMany({});

      at $n.handleRequestError (node_modules/@prisma/client/runtime/library.js:121:7615)
      at $n.handleAndLogRequestError (node_modules/@prisma/client/runtime/library.js:121:6623)
      at $n.request (node_modules/@prisma/client/runtime/library.js:121:6307)
      at l (node_modules/@prisma/client/runtime/library.js:130:9633)
      at Object.<anonymous> (src/__tests__/setup.ts:16:3)

  ● Article Filtering › GET /api/v1/articles?category=<id> › should support combining category and tag filters

    thrown: "Exceeded timeout of 5000 ms for a hook.
    Add a timeout value to this test to increase the timeout, if this is a long-running test. See https://jestjs.io/docs/api#testname-fn-timeout."

      12 |
      13 | // Cleanup database before each test
    > 14 | beforeEach(async () => {
         | ^
      15 |   // Clean up test data in reverse order of dependencies
      16 |   await prisma.articleTag.deleteMany({});
      17 |   await prisma.article.deleteMany({});

      at Object.<anonymous> (src/__tests__/setup.ts:14:1)

  ● Article Filtering › Article-Tag Association › should create article with multiple tags

    PrismaClientInitializationError: 
    Invalid `prisma.articleTag.deleteMany()` invocation in
    /mnt/e/workspace/hujianbest.github.io/backend/src/__tests__/setup.ts:16:27

      13 // Cleanup database before each test
      14 beforeEach(async () => {
      15   // Clean up test data in reverse order of dependencies
    → 16   await prisma.articleTag.deleteMany(
    Can't reach database server at `localhost:5432`

    Please make sure your database server is running at `localhost:5432`.

      14 | beforeEach(async () => {
      15 |   // Clean up test data in reverse order of dependencies
    > 16 |   await prisma.articleTag.deleteMany({});
         |   ^
      17 |   await prisma.article.deleteMany({});
      18 |   await prisma.tag.deleteMany({});
      19 |   await prisma.category.deleteMany({});

      at $n.handleRequestError (node_modules/@prisma/client/runtime/library.js:121:7615)
      at $n.handleAndLogRequestError (node_modules/@prisma/client/runtime/library.js:121:6623)
      at $n.request (node_modules/@prisma/client/runtime/library.js:121:6307)
      at l (node_modules/@prisma/client/runtime/library.js:130:9633)
      at Object.<anonymous> (src/__tests__/setup.ts:16:3)

  ● Article Filtering › Article-Tag Association › should return 404 when associating non-existent tag

    thrown: "Exceeded timeout of 5000 ms for a hook.
    Add a timeout value to this test to increase the timeout, if this is a long-running test. See https://jestjs.io/docs/api#test